// Jest Snapshot v1, https://goo.gl/fbAQLP

exports[`Testing <TodoApp /> component. should render correctly. 1`] = `
<div
  className="App"
>
  <h1>
    Todo App 
    <small>
      (
      0
      )
    </small>
  </h1>
  <hr />
  <div
    className="row"
  >
    <div
      className="col-7"
    >
      <TodoList
        handleDelete={[Function]}
        handleToggle={[Function]}
        todos={Array []}
      />
    </div>
    <div
      className="col-5"
    >
      <TodoForm
        handleAddTodo={[Function]}
      />
    </div>
  </div>
</div>
`;
