// Jest Snapshot v1, https://goo.gl/fbAQLP

exports[`Testing <TodoForm /> component. should render correctly. 1`] = `
<Fragment>
  <h4>
    Add ToDo
  </h4>
  <hr />
  <form
    onSubmit={[Function]}
  >
    <input
      autoComplete="off"
      className="form-control"
      name="description"
      onChange={[Function]}
      placeholder="Add Todo"
      type="text"
      value=""
    />
    <div
      className="d-grid gap-2 mt-2"
    >
      <button
        className="btn btn-outline-primary"
        type="submit"
      >
        Add
      </button>
    </div>
  </form>
</Fragment>
`;
